// Jest Snapshot v1, https://goo.gl/fbAQLP

exports[`classes className 1`] = `
Object {
  "hidden": "fl-datepicker-hidden",
  "show": "fl-datepicker-show",
  "wrapper": "fl-datepicker-wrapper",
}
`;
