// Jest Snapshot v1, https://goo.gl/fbAQLP

exports[` 1`] = `
NodeList [
  <span />,
  <div />,
]
`;

exports[`element createSvg svg: left arrow 1`] = `
<svg>
  <use
    xlink:href="#icon-left"
  />
</svg>
`;
